// Jest Snapshot v1, https://goo.gl/fbAQLP

exports[`Fail definition should match the snapshot 1`] = `
Object {
  "children": Array [
    Object {
      "aliases": Array [
        "eh",
      ],
      "description": "[objects] in Zowe CLI are the entities on which [actions] are perfomed. [objects] are always nouns. For example, for command \\"zowe zos-files delete data-set\\", the [object] is \\"data-set\\".

For this command, we fail the handler with an ImperativeError.",
      "handler": "../../../src/cli/fail/error_handler/ErrorHandler.handler",
      "name": "error-handler",
      "summary": "[object] error-handler always fails!",
      "type": "command",
    },
  ],
  "description": "[actions] in Zowe CLI are groups of commands. [actions] are always verbs. For example, for command \\"zowe zos-files delete data-set\\", the [action] is \\"delete\\".

For this action (\\"fail\\") we will fail handlers.",
  "name": "fail",
  "summary": "Perform \\"the fail [action]\\" on some [objects]",
  "type": "group",
}
`;
