// Jest Snapshot v1, https://jestjs.io/docs/snapshot-testing

exports[`directory-contents Handler should read a mocked directory 1`] = `"Listing contents of "fake/directory""`;

exports[`directory-contents Handler should read a mocked directory 2`] = `
[
  {
    "fake": "file",
    "moreFake": "directory",
  },
]
`;

exports[`directory-contents Handler should read a mocked directory 3`] = `
"fake moreFake 
file directory"
`;
