// Jest Snapshot v1, https://goo.gl/fbAQLP

exports[`profile-args Handler should list profile args for team config 1`] = `
Object {
  "format": "object",
  "output": Object {
    "arguments": Object {
      "host": "fakeHost",
      "password": "fakePass",
      "port": 443,
      "rejectUnauthorized": true,
      "tshirtSize": "S",
      "user": "fakeUser",
    },
    "environment": Object {
      "baseProfileName": "fakeBase",
      "sampleProfileName": "fakeSample",
      "usingTeamConfig": true,
    },
  },
}
`;
