// Jest Snapshot v1, https://jestjs.io/docs/snapshot-testing

exports[`profile-args Handler should list profile args for team config 1`] = `
{
  "format": "object",
  "output": {
    "arguments": {
      "host": "fakeHost",
      "password": "fakePass",
      "port": 443,
      "rejectUnauthorized": true,
      "tshirtSize": "S",
      "user": "fakeUser",
    },
    "environment": {
      "baseProfileName": "fakeBase",
      "sampleProfileName": "fakeSample",
      "teamConfigExists": true,
    },
  },
}
`;
