// Jest Snapshot v1, https://goo.gl/fbAQLP

exports[`Command With Options definition should match the snapshot 1`] = `
Object {
  "CommandWithOptionsDefinition": Object {
    "aliases": Array [
      "cwo",
    ],
    "description": "[objects] in Zowe CLI are the entities on which [actions] are perfomed. [objects] are always nouns. For example, for command \\"zowe zos-files delete data-set\\", the [object] is \\"data-set\\".

For this command, we require options to be specified.",
    "handler": "../../../../src/cli/issue/command_with_options/CommandWithOptions.handler",
    "name": "command-with-options",
    "options": Array [
      Object {
        "description": "Boolean flag, that if specified, requires that you also specify a string for option \\"the string\\"",
        "implies": Array [
          "the-string",
        ],
        "name": "use-the-string",
        "type": "boolean",
      },
      Object {
        "description": "A string type option that is required if \\"use-the-string\\" is specified.",
        "name": "the-string",
        "type": "string",
      },
      Object {
        "description": "A required number.",
        "name": "required-number",
        "required": true,
        "type": "number",
      },
    ],
    "summary": "[object] command-with-options requires options",
    "type": "command",
  },
}
`;
