// Jest Snapshot v1, https://goo.gl/fbAQLP

exports[`List definition should match the snapshot 1`] = `
Object {
  "children": Array [
    Object {
      "aliases": Array [
        "dc",
      ],
      "description": "[objects] in Zowe CLI are the entities on which [actions] are performed. [objects] are always nouns. For example, for command \\"zowe zos-files delete data-set\\", the [object] is \\"data-set\\".

For this command, we list contents of the specified directory.",
      "name": "directory-contents",
      "positionals": Array [
        Object {
          "description": "The directory/path to list the contents. Blank/Omitted will list the current directory",
          "name": "directory",
          "type": "string",
        },
      ],
      "profile": Object {
        "required": Array [
          "zosmf",
        ],
      },
      "summary": "Lists directory contents",
      "type": "command",
    },
  ],
  "description": "[actions] in Zowe CLI are groups of commands. [actions] are always verbs. For example, for command \\"zowe zos-files delete data-set\\", the [action] is \\"delete\\".

For this action (\\"list\\") we will list files, etc.",
  "name": "list",
  "summary": "Perform \\"the list [action]\\" on some [objects]",
  "type": "group",
}
`;
