// Jest Snapshot v1, https://jestjs.io/docs/snapshot-testing

exports[`zowe-cli-sample fail error-handler command should fail the handler 1`] = `""`;

exports[`zowe-cli-sample fail error-handler command should fail the handler 2`] = `
"{
  "success": false,
  "exitCode": 1,
  "message": "This is an example of throwing an error from this command:\\n\\"zowe zcsp fail error-handler\\"",
  "stdout": "",
  "stderr": "Unable to perform this operation due to the following problem.\\nThis is an example of throwing an error from this command:\\n\\"zowe zcsp fail error-handler\\"\\n",
  "data": {},
  "error": {
    "msg": "This is an example of throwing an error from this command:\\n\\"zowe zcsp fail error-handler\\""
  }
}"
`;
