// Jest Snapshot v1, https://goo.gl/fbAQLP

exports[`Files should return attributes for a mocked directory 1`] = `
Array [
  Object {
    "birthed": "unknown",
    "lastModified": "unknown",
    "mode": "000",
    "name": "file1",
    "size": "big!",
  },
  Object {
    "birthed": "unknown",
    "lastModified": "unknown",
    "mode": "000",
    "name": "directory1",
    "size": "big!",
  },
]
`;
